[www.sommymedia.com.ng/index.html]
[backblue.gif]
[fade.gif]
[index.html]
[www.sommymedia.com.ng/static/landing/css/bootstrap.min.css]
[www.sommymedia.com.ng/static/landing/css/style.css]
[www.sommymedia.com.ng/static/landing/css/bootstrap-icons.css]
[www.sommymedia.com.ng/static/landing/css/animate.css]
[www.sommymedia.com.ng/static/landing/css/style-magnific-popup.css]
[www.sommymedia.com.ng/static/landing/images/abi.ico]
[www.sommymedia.com.ng/static/dash/img/sommy.png]
[www.sommymedia.com.ng/signup/index.html]
[www.sommymedia.com.ng/login/index.html]
[www.sommymedia.com.ng/static/landing/js/jquery-3.6.0.min.js]
[www.sommymedia.com.ng/static/landing/js/bootstrap.min.js]
[www.sommymedia.com.ng/static/landing/js/jquery.scrollTo-min.js]
[www.sommymedia.com.ng/static/landing/js/jquery.magnific-popup.min.js]
[www.sommymedia.com.ng/static/landing/js/jquery.nav.js]
[www.sommymedia.com.ng/static/landing/js/wow.js]
[www.sommymedia.com.ng/static/landing/js/plugins.js]
[www.sommymedia.com.ng/static/landing/js/custom.js]
[www.sommymedia.com.ng/index.html]
[www.sommymedia.com.ng/static/landing/css/bootstrap.min.css]
[www.sommymedia.com.ng/static/landing/css/style.css]
[www.sommymedia.com.ng/static/landing/webfonts/bootstrap-icons.woff2]
[www.sommymedia.com.ng/static/landing/webfonts/bootstrap-icons.woff]
[www.sommymedia.com.ng/static/landing/css/bootstrap-icons.css]
[www.sommymedia.com.ng/static/landing/css/animate.css]
[www.sommymedia.com.ng/static/landing/css/style-magnific-popup.css]
[www.sommymedia.com.ng/static/dash/img/favicon.png]
[www.sommymedia.com.ng/static/dash/img/icon/192x192.png]
[www.sommymedia.com.ng/static/dash/css/style.css]
[cdnjs.cloudflare.com/ajax/libs/izitoast/1.4.0/css/iziToast.css]
[cdnjs.cloudflare.com/ajax/libs/izitoast/1.4.0/css/iziToast.min.css]
[www.sommymedia.com.ng/static/dashboard/css/sweetalert2.min.css]
[www.sommymedia.com.ng/static/dashboard/js/jquery-3.6.0.min.js]
[www.sommymedia.com.ng/static/dash/img/loading-icon.png]
[www.sommymedia.com.ng/static/dash/js/lib/bootstrap.bundle.min.js]
[www.sommymedia.com.ng/forget-password/index.html]
[www.sommymedia.com.ng/static/dash/js/plugins/splide/splide.min.js]
[www.sommymedia.com.ng/static/dash/js/base.js]
[cdnjs.cloudflare.com/ajax/libs/izitoast/1.4.0/js/iziToast.min.js]
[cdnjs.cloudflare.com/ajax/libs/izitoast/1.4.0/js/iziToast.js]
[cdnjs.cloudflare.com/ajax/libs/jquery/3.4.1/jquery.min.js]
[www.sommymedia.com.ng/login/index.html]
[rawcdn.githack.com/rafaelbotazini/floating-whatsapp/3d18b26d5c7d430a1ab0b664f8ca6b69014aed68/floating-wpp.min.js]
[www.sommymedia.com.ng/signup/index.html]
[www.sommymedia.com.ng/static/landing/images/input-envelope.html]
[www.sommymedia.com.ng/static/dash/css/src/bootstrap/bootstrap.min.css]
[www.sommymedia.com.ng/static/dash/css/src/splide/splide.min.css]
[www.sommymedia.com.ng/static/dash/css/style.css]
[cdnjs.cloudflare.com/ajax/libs/izitoast/1.4.0/css/iziToast.css]
[cdnjs.cloudflare.com/ajax/libs/izitoast/1.4.0/css/iziToast.min.css]
[www.sommymedia.com.ng/static/dashboard/css/sweetalert2.min.css]
[www.sommymedia.com.ng/forget-password/index.html]
[www.sommymedia.com.ng/ionicons@5.5.2/dist/ionicons/ionicons.html]
[www.sommymedia.com.ng/signup/url_string.html]
[www.sommymedia.com.ng/static/dash/css/src/bootstrap/bootstrap.min.css]
[www.sommymedia.com.ng/static/dash/css/src/splide/splide.min.css]
[www.sommymedia.com.ng/ionicons@4.5.10-0/dist/css/ionicons.min.html]
[www.sommymedia.com.ng/css.html]
[www.sommymedia.com.ng/email-sent/index.html]
[www.sommymedia.com.ng/email-sent/index.html]
